
> backend-auth-system@1.0.0 test
> jest

  console.error
    Error en registro: error: la autentificaci´┐¢n password fall´┐¢ para el usuario ´┐¢postgres´┐¢
        at C:\Users\Luis\Documents\Proyecto cdi\node_modules\pg-pool\index.js:45:11
        at processTicksAndRejections (node:internal/process/task_queues:103:5)
        at register (C:\Users\Luis\Documents\Proyecto cdi\src\controllers\authController.js:21:28) {
      length: 114,
      severity: 'FATAL',
      code: '28P01',
      detail: undefined,
      hint: undefined,
      position: undefined,
      internalPosition: undefined,
      internalQuery: undefined,
      where: undefined,
      schema: undefined,
      table: undefined,
      column: undefined,
      dataType: undefined,
      constraint: undefined,
      file: 'auth.c',
      line: '320',
      routine: 'auth_failed'
    }

    [0m [90m 60 |[39m         })[33m;[39m
     [90m 61 |[39m     } [36mcatch[39m (error) {
    [31m[1m>[22m[39m[90m 62 |[39m         console[33m.[39merror([32m'Error en registro:'[39m[33m,[39m error)[33m;[39m
     [90m    |[39m                 [31m[1m^[22m[39m
     [90m 63 |[39m         res[33m.[39mstatus([35m500[39m)[33m.[39mjson({
     [90m 64 |[39m             success[33m:[39m [36mfalse[39m[33m,[39m
     [90m 65 |[39m             message[33m:[39m [32m'Error al registrar usuario'[39m[33m,[39m[0m

      at error (src/controllers/authController.js:62:17)

  console.error
    Error en login: error: la autentificaci´┐¢n password fall´┐¢ para el usuario ´┐¢postgres´┐¢
        at C:\Users\Luis\Documents\Proyecto cdi\node_modules\pg-pool\index.js:45:11
        at processTicksAndRejections (node:internal/process/task_queues:103:5)
        at login (C:\Users\Luis\Documents\Proyecto cdi\src\controllers\authController.js:75:24) {
      length: 114,
      severity: 'FATAL',
      code: '28P01',
      detail: undefined,
      hint: undefined,
      position: undefined,
      internalPosition: undefined,
      internalQuery: undefined,
      where: undefined,
      schema: undefined,
      table: undefined,
      column: undefined,
      dataType: undefined,
      constraint: undefined,
      file: 'auth.c',
      line: '320',
      routine: 'auth_failed'
    }

    [0m [90m 112 |[39m         })[33m;[39m
     [90m 113 |[39m     } [36mcatch[39m (error) {
    [31m[1m>[22m[39m[90m 114 |[39m         console[33m.[39merror([32m'Error en login:'[39m[33m,[39m error)[33m;[39m
     [90m     |[39m                 [31m[1m^[22m[39m
     [90m 115 |[39m         res[33m.[39mstatus([35m500[39m)[33m.[39mjson({
     [90m 116 |[39m             success[33m:[39m [36mfalse[39m[33m,[39m
     [90m 117 |[39m             message[33m:[39m [32m'Error al iniciar sesi├│n'[39m[33m,[39m[0m

      at error (src/controllers/authController.js:114:17)

  console.error
    Error en forgot password: error: la autentificaci´┐¢n password fall´┐¢ para el usuario ´┐¢postgres´┐¢
        at C:\Users\Luis\Documents\Proyecto cdi\node_modules\pg-pool\index.js:45:11
        at processTicksAndRejections (node:internal/process/task_queues:103:5)
        at forgotPassword (C:\Users\Luis\Documents\Proyecto cdi\src\controllers\authController.js:127:24) {
      length: 114,
      severity: 'FATAL',
      code: '28P01',
      detail: undefined,
      hint: undefined,
      position: undefined,
      internalPosition: undefined,
      internalQuery: undefined,
      where: undefined,
      schema: undefined,
      table: undefined,
      column: undefined,
      dataType: undefined,
      constraint: undefined,
      file: 'auth.c',
      line: '320',
      routine: 'auth_failed'
    }

    [0m [90m 187 |[39m         })[33m;[39m
     [90m 188 |[39m     } [36mcatch[39m (error) {
    [31m[1m>[22m[39m[90m 189 |[39m         console[33m.[39merror([32m'Error en forgot password:'[39m[33m,[39m error)[33m;[39m
     [90m     |[39m                 [31m[1m^[22m[39m
     [90m 190 |[39m         res[33m.[39mstatus([35m500[39m)[33m.[39mjson({
     [90m 191 |[39m             success[33m:[39m [36mfalse[39m[33m,[39m
     [90m 192 |[39m             message[33m:[39m [32m'Error al procesar solicitud'[39m[33m,[39m[0m

      at error (src/controllers/authController.js:189:17)

  console.error
    Error en login: error: la autentificaci´┐¢n password fall´┐¢ para el usuario ´┐¢postgres´┐¢
        at C:\Users\Luis\Documents\Proyecto cdi\node_modules\pg-pool\index.js:45:11
        at processTicksAndRejections (node:internal/process/task_queues:103:5)
        at login (C:\Users\Luis\Documents\Proyecto cdi\src\controllers\authController.js:75:24) {
      length: 114,
      severity: 'FATAL',
      code: '28P01',
      detail: undefined,
      hint: undefined,
      position: undefined,
      internalPosition: undefined,
      internalQuery: undefined,
      where: undefined,
      schema: undefined,
      table: undefined,
      column: undefined,
      dataType: undefined,
      constraint: undefined,
      file: 'auth.c',
      line: '320',
      routine: 'auth_failed'
    }

    [0m [90m 112 |[39m         })[33m;[39m
     [90m 113 |[39m     } [36mcatch[39m (error) {
    [31m[1m>[22m[39m[90m 114 |[39m         console[33m.[39merror([32m'Error en login:'[39m[33m,[39m error)[33m;[39m
     [90m     |[39m                 [31m[1m^[22m[39m
     [90m 115 |[39m         res[33m.[39mstatus([35m500[39m)[33m.[39mjson({
     [90m 116 |[39m             success[33m:[39m [36mfalse[39m[33m,[39m
     [90m 117 |[39m             message[33m:[39m [32m'Error al iniciar sesi├│n'[39m[33m,[39m[0m

      at error (src/controllers/authController.js:114:17)

